// Jest Snapshot v1, https://goo.gl/fbAQLP

exports[`Testing <Footer /> Check if the UI not change 1`] = `
<footer
  className="footer"
>
  <div
    className="footer-content"
  >
    Developed with ðŸ’š for Platzi
  </div>
</footer>
`;
